Archive member included to satisfy reference by file (symbol)

/Users/benpetroski/gcc/bin/../lib/gcc/arm-none-eabi/5.3.1/../../../../arm-none-eabi/lib/armv7e-m/libg_nano.a(lib_a-errno.o)
                              ./system/src/newlib/_sbrk.o (__errno)
/Users/benpetroski/gcc/bin/../lib/gcc/arm-none-eabi/5.3.1/../../../../arm-none-eabi/lib/armv7e-m/libg_nano.a(lib_a-impure.o)
                              /Users/benpetroski/gcc/bin/../lib/gcc/arm-none-eabi/5.3.1/../../../../arm-none-eabi/lib/armv7e-m/libg_nano.a(lib_a-errno.o) (_impure_ptr)
/Users/benpetroski/gcc/bin/../lib/gcc/arm-none-eabi/5.3.1/../../../../arm-none-eabi/lib/armv7e-m/libg_nano.a(lib_a-strlen.o)
                              ./system/src/diag/Trace.o (strlen)
/Users/benpetroski/gcc/bin/../lib/gcc/arm-none-eabi/5.3.1/../../../../arm-none-eabi/lib/armv7e-m/libg_nano.a(lib_a-vsnprintf.o)
                              ./system/src/diag/Trace.o (vsnprintf)
/Users/benpetroski/gcc/bin/../lib/gcc/arm-none-eabi/5.3.1/../../../../arm-none-eabi/lib/armv7e-m/libg_nano.a(lib_a-nano-svfprintf.o)
                              /Users/benpetroski/gcc/bin/../lib/gcc/arm-none-eabi/5.3.1/../../../../arm-none-eabi/lib/armv7e-m/libg_nano.a(lib_a-vsnprintf.o) (_svfprintf_r)
/Users/benpetroski/gcc/bin/../lib/gcc/arm-none-eabi/5.3.1/../../../../arm-none-eabi/lib/armv7e-m/libg_nano.a(lib_a-nano-vfprintf_i.o)
                              /Users/benpetroski/gcc/bin/../lib/gcc/arm-none-eabi/5.3.1/../../../../arm-none-eabi/lib/armv7e-m/libg_nano.a(lib_a-nano-svfprintf.o) (_printf_i)
/Users/benpetroski/gcc/bin/../lib/gcc/arm-none-eabi/5.3.1/../../../../arm-none-eabi/lib/armv7e-m/libg_nano.a(lib_a-memchr.o)
                              /Users/benpetroski/gcc/bin/../lib/gcc/arm-none-eabi/5.3.1/../../../../arm-none-eabi/lib/armv7e-m/libg_nano.a(lib_a-nano-svfprintf.o) (memchr)
/Users/benpetroski/gcc/bin/../lib/gcc/arm-none-eabi/5.3.1/../../../../arm-none-eabi/lib/armv7e-m/libg_nano.a(lib_a-memcpy-stub.o)
                              /Users/benpetroski/gcc/bin/../lib/gcc/arm-none-eabi/5.3.1/../../../../arm-none-eabi/lib/armv7e-m/libg_nano.a(lib_a-nano-svfprintf.o) (memcpy)
/Users/benpetroski/gcc/bin/../lib/gcc/arm-none-eabi/5.3.1/../../../../arm-none-eabi/lib/armv7e-m/libg_nano.a(lib_a-memmove.o)
                              /Users/benpetroski/gcc/bin/../lib/gcc/arm-none-eabi/5.3.1/../../../../arm-none-eabi/lib/armv7e-m/libg_nano.a(lib_a-nano-svfprintf.o) (memmove)
/Users/benpetroski/gcc/bin/../lib/gcc/arm-none-eabi/5.3.1/../../../../arm-none-eabi/lib/armv7e-m/libg_nano.a(lib_a-nano-freer.o)
                              /Users/benpetroski/gcc/bin/../lib/gcc/arm-none-eabi/5.3.1/../../../../arm-none-eabi/lib/armv7e-m/libg_nano.a(lib_a-nano-svfprintf.o) (_free_r)
/Users/benpetroski/gcc/bin/../lib/gcc/arm-none-eabi/5.3.1/../../../../arm-none-eabi/lib/armv7e-m/libg_nano.a(lib_a-nano-mallocr.o)
                              /Users/benpetroski/gcc/bin/../lib/gcc/arm-none-eabi/5.3.1/../../../../arm-none-eabi/lib/armv7e-m/libg_nano.a(lib_a-nano-svfprintf.o) (_malloc_r)
/Users/benpetroski/gcc/bin/../lib/gcc/arm-none-eabi/5.3.1/../../../../arm-none-eabi/lib/armv7e-m/libg_nano.a(lib_a-nano-reallocr.o)
                              /Users/benpetroski/gcc/bin/../lib/gcc/arm-none-eabi/5.3.1/../../../../arm-none-eabi/lib/armv7e-m/libg_nano.a(lib_a-nano-svfprintf.o) (_realloc_r)
/Users/benpetroski/gcc/bin/../lib/gcc/arm-none-eabi/5.3.1/../../../../arm-none-eabi/lib/armv7e-m/libg_nano.a(lib_a-sbrkr.o)
                              /Users/benpetroski/gcc/bin/../lib/gcc/arm-none-eabi/5.3.1/../../../../arm-none-eabi/lib/armv7e-m/libg_nano.a(lib_a-nano-mallocr.o) (_sbrk_r)
/Users/benpetroski/gcc/bin/../lib/gcc/arm-none-eabi/5.3.1/../../../../arm-none-eabi/lib/armv7e-m/libg_nano.a(lib_a-nano-msizer.o)
                              /Users/benpetroski/gcc/bin/../lib/gcc/arm-none-eabi/5.3.1/../../../../arm-none-eabi/lib/armv7e-m/libg_nano.a(lib_a-nano-reallocr.o) (_malloc_usable_size_r)

Allocating common symbols
Common symbol       size              file

timer_delayCount    0x4               ./src/Timer.o
errno               0x4               ./system/src/newlib/_syscalls.o

Discarded input sections

 .group         0x0000000000000000        0x8 ./system/src/stm32f3-stdperiph/stm32f37x_gpio.o
 .group         0x0000000000000000        0x8 ./system/src/stm32f3-stdperiph/stm32f37x_gpio.o
 .group         0x0000000000000000        0x8 ./system/src/stm32f3-stdperiph/stm32f37x_gpio.o
 .group         0x0000000000000000        0x8 ./system/src/stm32f3-stdperiph/stm32f37x_gpio.o
 .group         0x0000000000000000        0x8 ./system/src/stm32f3-stdperiph/stm32f37x_gpio.o
 .group         0x0000000000000000        0x8 ./system/src/stm32f3-stdperiph/stm32f37x_gpio.o
 .group         0x0000000000000000        0x8 ./system/src/stm32f3-stdperiph/stm32f37x_gpio.o
 .group         0x0000000000000000        0x8 ./system/src/stm32f3-stdperiph/stm32f37x_gpio.o
[...]
Memory Configuration

Name             Origin             Length             Attributes
RAM              0x0000000020000000 0x0000000000008000 xrw
CCMRAM           0x0000000010000000 0x0000000000002000 xrw
FLASH            0x0000000008000000 0x0000000000040000 xr
FLASHB1          0x0000000000000000 0x0000000000000000 xr
EXTMEMB0         0x0000000000000000 0x0000000000000000 xr
EXTMEMB1         0x0000000000000000 0x0000000000000000 xr
EXTMEMB2         0x0000000000000000 0x0000000000000000 xr
EXTMEMB3         0x0000000000000000 0x0000000000000000 xr
MEMORY_ARRAY     0x0000000020002000 0x0000000000000000 xrw
*default*        0x0000000000000000 0xffffffffffffffff

Linker script and memory map

LOAD ./system/src/stm32f3-stdperiph/stm32f37x_gpio.o
LOAD ./system/src/stm32f3-stdperiph/stm32f37x_rcc.o
LOAD ./system/src/newlib/_cxx.o
LOAD ./system/src/newlib/_exit.o
LOAD ./system/src/newlib/_sbrk.o
LOAD ./system/src/newlib/_startup.o
LOAD ./system/src/newlib/_syscalls.o
LOAD ./system/src/newlib/assert.o
LOAD ./system/src/diag/Trace.o
LOAD ./system/src/diag/trace_impl.o
LOAD ./system/src/cortexm/_initialize_hardware.o
LOAD ./system/src/cortexm/_reset_hardware.o
LOAD ./system/src/cortexm/exception_handlers.o
LOAD ./system/src/cmsis/system_stm32f37x.o
LOAD ./system/src/cmsis/vectors_stm32f37x.o
LOAD ./src/BlinkLed.o
LOAD ./src/Timer.o
LOAD ./src/_write.o
LOAD ./src/main.o
LOAD /Users/benpetroski/gcc/bin/../lib/gcc/arm-none-eabi/5.3.1/../../../../arm-none-eabi/lib/armv7e-m/libstdc++_nano.a
LOAD /Users/benpetroski/gcc/bin/../lib/gcc/arm-none-eabi/5.3.1/../../../../arm-none-eabi/lib/armv7e-m/libm.a
START GROUP
LOAD /Users/benpetroski/gcc/bin/../lib/gcc/arm-none-eabi/5.3.1/armv7e-m/libgcc.a
LOAD /Users/benpetroski/gcc/bin/../lib/gcc/arm-none-eabi/5.3.1/../../../../arm-none-eabi/lib/armv7e-m/libg_nano.a
LOAD /Users/benpetroski/gcc/bin/../lib/gcc/arm-none-eabi/5.3.1/../../../../arm-none-eabi/lib/armv7e-m/libc_nano.a
END GROUP
START GROUP
LOAD /Users/benpetroski/gcc/bin/../lib/gcc/arm-none-eabi/5.3.1/armv7e-m/libgcc.a
LOAD /Users/benpetroski/gcc/bin/../lib/gcc/arm-none-eabi/5.3.1/../../../../arm-none-eabi/lib/armv7e-m/libc_nano.a
END GROUP
                0x0000000020008000                __stack = (ORIGIN (RAM) + LENGTH (RAM))
                0x0000000020008000                _estack = __stack
                0x0000000000000400                __Main_Stack_Size = 0x400
                [!provide]                        PROVIDE (_Main_Stack_Size, __Main_Stack_Size)
                0x0000000020007c00                __Main_Stack_Limit = (__stack - __Main_Stack_Size)
                [!provide]                        PROVIDE (_Main_Stack_Limit, __Main_Stack_Limit)
                0x0000000000000100                _Minimum_Stack_Size = 0x100
                0x0000000020000128                PROVIDE (_Heap_Begin, _end_noinit)
                0x0000000020007c00                PROVIDE (_Heap_Limit, (__stack - __Main_Stack_Size))

.isr_vector     0x0000000008000000      0x3e8
 FILL mask 0xff
                0x0000000008000000                __vectors_start = ABSOLUTE (.)
                0x0000000008000000                __vectors_start__ = ABSOLUTE (.)
 *(.isr_vector)
 .isr_vector    0x0000000008000000      0x184 ./system/src/cmsis/vectors_stm32f37x.o
                0x0000000008000000                __isr_vectors
 *(.cfmconfig)
 *(.after_vectors .after_vectors.*)
 .after_vectors
                0x0000000008000184      0x130 ./system/src/newlib/_startup.o
                0x0000000008000184                _start
 .after_vectors
                0x00000000080002b4      0x130 ./system/src/cortexm/exception_handlers.o
                0x00000000080002b4                Reset_Handler
                0x00000000080002bc                NMI_Handler
                0x00000000080002c0                HardFault_Handler
                0x00000000080002d4                HardFault_Handler_C
                0x0000000008000334                MemManage_Handler
                0x0000000008000338                BusFault_Handler
                0x000000000800034c                BusFault_Handler_C
                0x0000000008000380                UsageFault_Handler
                0x0000000008000394                UsageFault_Handler_C
                0x00000000080003c8                SVC_Handler
                0x00000000080003cc                DebugMon_Handler
                0x00000000080003d0                PendSV_Handler
 .after_vectors
                0x00000000080003e4        0x4 ./system/src/cmsis/vectors_stm32f37x.o
                0x00000000080003e4                DMA2_Channel3_IRQHandler
                0x00000000080003e4                USB_HP_IRQHandler
                0x00000000080003e4                PVD_IRQHandler
                0x00000000080003e4                EXTI3_IRQHandler
                0x00000000080003e4                EXTI0_IRQHandler
                0x00000000080003e4                I2C2_EV_IRQHandler
                0x00000000080003e4                CAN1_RX0_IRQHandler
                0x00000000080003e4                FPU_IRQHandler
                0x00000000080003e4                EXTI2_TS_IRQHandler
                0x00000000080003e4                SPI1_IRQHandler
                0x00000000080003e4                DMA2_Channel2_IRQHandler
                0x00000000080003e4                DMA1_Channel4_IRQHandler
                0x00000000080003e4                ADC1_IRQHandler
                0x00000000080003e4                TIM17_IRQHandler
                0x00000000080003e4                USART3_IRQHandler
                0x00000000080003e4                DMA1_Channel7_IRQHandler
                0x00000000080003e4                CAN1_RX1_IRQHandler
                0x00000000080003e4                TIM4_IRQHandler
                0x00000000080003e4                DMA2_Channel1_IRQHandler
                0x00000000080003e4                I2C1_EV_IRQHandler
                0x00000000080003e4                DMA1_Channel6_IRQHandler
                0x00000000080003e4                TIM16_IRQHandler
                0x00000000080003e4                DMA2_Channel4_IRQHandler
                0x00000000080003e4                TIM3_IRQHandler
                0x00000000080003e4                RCC_IRQHandler
                0x00000000080003e4                DMA1_Channel1_IRQHandler
                0x00000000080003e4                Default_Handler
                0x00000000080003e4                CEC_IRQHandler
                0x00000000080003e4                EXTI15_10_IRQHandler
                0x00000000080003e4                TIM14_IRQHandler
                0x00000000080003e4                TIM13_IRQHandler
                0x00000000080003e4                TIM12_IRQHandler
                0x00000000080003e4                TIM7_IRQHandler
                0x00000000080003e4                TIM5_IRQHandler
                0x00000000080003e4                SDADC2_IRQHandler
                0x00000000080003e4                TIM15_IRQHandler
                0x00000000080003e4                TIM6_DAC1_IRQHandler
                0x00000000080003e4                EXTI9_5_IRQHandler
                0x00000000080003e4                TAMPER_STAMP_IRQHandler
                0x00000000080003e4                RTC_WKUP_IRQHandler
                0x00000000080003e4                SPI2_IRQHandler
                0x00000000080003e4                CAN1_TX_IRQHandler
                0x00000000080003e4                DMA2_Channel5_IRQHandler
                0x00000000080003e4                DMA1_Channel5_IRQHandler
                0x00000000080003e4                USB_LP_IRQHandler
                0x00000000080003e4                EXTI4_IRQHandler
                0x00000000080003e4                TIM18_DAC2_IRQHandler
                0x00000000080003e4                DMA1_Channel3_IRQHandler
                0x00000000080003e4                COMP_IRQHandler
                0x00000000080003e4                WWDG_IRQHandler
                0x00000000080003e4                SDADC1_IRQHandler
                0x00000000080003e4                TIM2_IRQHandler
                0x00000000080003e4                EXTI1_IRQHandler
                0x00000000080003e4                SDADC3_IRQHandler
                0x00000000080003e4                USART2_IRQHandler
                0x00000000080003e4                TIM19_IRQHandler
                0x00000000080003e4                I2C2_ER_IRQHandler
                0x00000000080003e4                DMA1_Channel2_IRQHandler
                0x00000000080003e4                CAN1_SCE_IRQHandler
                0x00000000080003e4                FLASH_IRQHandler
                0x00000000080003e4                USART1_IRQHandler
                0x00000000080003e4                SPI3_IRQHandler
                0x00000000080003e4                I2C1_ER_IRQHandler
                0x00000000080003e4                USBWakeUp_IRQHandler
                0x00000000080003e4                RTC_Alarm_IRQHandler

.inits          0x00000000080003e8       0x28
                0x00000000080003e8                __data_regions_array_start = .
                0x00000000080003e8        0x4 LONG 0x8001708 LOADADDR (.data)
                0x00000000080003ec        0x4 LONG 0x20000000 ADDR (.data)
                0x00000000080003f0        0x4 LONG 0x20000088 (ADDR (.data) + SIZEOF (.data))
                0x00000000080003f4        0x4 LONG 0x8001708 LOADADDR (.data_CCMRAM)
                0x00000000080003f8        0x4 LONG 0x10000000 ADDR (.data_CCMRAM)
                0x00000000080003fc        0x4 LONG 0x10000000 (ADDR (.data_CCMRAM) + SIZEOF (.data_CCMRAM))
                0x0000000008000400                __data_regions_array_end = .
                0x0000000008000400                __bss_regions_array_start = .
                0x0000000008000400        0x4 LONG 0x20000088 ADDR (.bss)
                0x0000000008000404        0x4 LONG 0x20000128 (ADDR (.bss) + SIZEOF (.bss))
                0x0000000008000408        0x4 LONG 0x10000000 ADDR (.bss_CCMRAM)
                0x000000000800040c        0x4 LONG 0x10000000 (ADDR (.bss_CCMRAM) + SIZEOF (.bss_CCMRAM))
                0x0000000008000410                __bss_regions_array_end = .
 *(.init)
 *(.fini)
                0x0000000008000410                . = ALIGN (0x4)
                0x0000000008000410                PROVIDE (__preinit_array_start, .)
 *(.preinit_array_sysinit .preinit_array_sysinit.*)
 *(.preinit_array_platform .preinit_array_platform.*)
 *(.preinit_array .preinit_array.*)
                0x0000000008000410                PROVIDE (__preinit_array_end, .)
                0x0000000008000410                . = ALIGN (0x4)
                0x0000000008000410                PROVIDE (__init_array_start, .)
 *(SORT(.init_array.*))
 *(.init_array)
                0x0000000008000410                PROVIDE (__init_array_end, .)
                0x0000000008000410                . = ALIGN (0x4)
                0x0000000008000410                PROVIDE (__fini_array_start, .)
 *(SORT(.fini_array.*))
 *(.fini_array)
                0x0000000008000410                PROVIDE (__fini_array_end, .)

.flashtext
 *(.flashtext .flashtext.*)

.text           0x0000000008000410     0x12f5
 *(.text .text.*)
 .text.GPIO_Init
                0x0000000008000410      0x118 ./system/src/stm32f3-stdperiph/stm32f37x_gpio.o
                0x0000000008000410                GPIO_Init
 .text.GPIO_SetBits
                0x0000000008000528       0x54 ./system/src/stm32f3-stdperiph/stm32f37x_gpio.o
                0x0000000008000528                GPIO_SetBits
 .text.GPIO_ResetBits
                0x000000000800057c       0x54 ./system/src/stm32f3-stdperiph/stm32f37x_gpio.o
                0x000000000800057c                GPIO_ResetBits
 .text.RCC_AHBPeriphClockCmd
                0x00000000080005d0       0x4c ./system/src/stm32f3-stdperiph/stm32f37x_rcc.o
                0x00000000080005d0                RCC_AHBPeriphClockCmd
 .text._exit    0x000000000800061c        0x4 ./system/src/newlib/_exit.o
                0x000000000800061c                _exit
 .text.abort    0x0000000008000620       0x14 ./system/src/newlib/_exit.o
                0x0000000008000620                abort
 .text._sbrk    0x0000000008000634       0x44 ./system/src/newlib/_sbrk.o
                0x0000000008000634                _sbrk
 .text.__initialize_args
                0x0000000008000678       0x10 ./system/src/newlib/_syscalls.o
                0x0000000008000678                __initialize_args
 .text.assert_failed
                0x0000000008000688       0x14 ./system/src/newlib/assert.o
                0x0000000008000688                assert_failed
 .text.trace_printf
                0x000000000800069c       0x30 ./system/src/diag/Trace.o
                0x000000000800069c                trace_printf
 .text.trace_puts
                0x00000000080006cc       0x20 ./system/src/diag/Trace.o
                0x00000000080006cc                trace_puts
 .text._trace_write_semihosting_debug
                0x00000000080006ec       0x64 ./system/src/diag/trace_impl.o
 .text.trace_write
                0x0000000008000750        0x8 ./system/src/diag/trace_impl.o
                0x0000000008000750                trace_write
 .text.__initialize_hardware_early
                0x0000000008000758       0x18 ./system/src/cortexm/_initialize_hardware.o
                0x0000000008000758                __initialize_hardware_early
 .text.__initialize_hardware
                0x0000000008000770        0x8 ./system/src/cortexm/_initialize_hardware.o
                0x0000000008000770                __initialize_hardware
 .text.dumpExceptionStack
                0x0000000008000778       0xf0 ./system/src/cortexm/exception_handlers.o
                0x0000000008000778                dumpExceptionStack
 .text.isSemihosting
                0x0000000008000868       0x20 ./system/src/cortexm/exception_handlers.o
                0x0000000008000868                isSemihosting
 .text.SetSysClock
                0x0000000008000888       0xb0 ./system/src/cmsis/system_stm32f37x.o
 .text.SystemInit
                0x0000000008000938       0x60 ./system/src/cmsis/system_stm32f37x.o
                0x0000000008000938                SystemInit
 .text.SystemCoreClockUpdate
                0x0000000008000998       0x8c ./system/src/cmsis/system_stm32f37x.o
                0x0000000008000998                SystemCoreClockUpdate
 .text.blink_led_init
                0x0000000008000a24       0x44 ./src/BlinkLed.o
                0x0000000008000a24                blink_led_init
 .text.timer_start
                0x0000000008000a68       0x3c ./src/Timer.o
                0x0000000008000a68                timer_start
 .text.timer_sleep
                0x0000000008000aa4       0x14 ./src/Timer.o
                0x0000000008000aa4                timer_sleep
 .text.timer_tick
                0x0000000008000ab8       0x14 ./src/Timer.o
                0x0000000008000ab8                timer_tick
 .text.SysTick_Handler
                0x0000000008000acc        0x8 ./src/Timer.o
                0x0000000008000acc                SysTick_Handler
 .text.main     0x0000000008000ad4       0x68 ./src/main.o
                0x0000000008000ad4                main
 .text.__errno  0x0000000008000b3c        0xc /Users/benpetroski/gcc/bin/../lib/gcc/arm-none-eabi/5.3.1/../../../../arm-none-eabi/lib/armv7e-m/libg_nano.a(lib_a-errno.o)
                0x0000000008000b3c                __errno
 .text          0x0000000008000b48       0x10 /Users/benpetroski/gcc/bin/../lib/gcc/arm-none-eabi/5.3.1/../../../../arm-none-eabi/lib/armv7e-m/libg_nano.a(lib_a-strlen.o)
                0x0000000008000b48                strlen
 .text._vsnprintf_r
                0x0000000008000b58       0x56 /Users/benpetroski/gcc/bin/../lib/gcc/arm-none-eabi/5.3.1/../../../../arm-none-eabi/lib/armv7e-m/libg_nano.a(lib_a-vsnprintf.o)
                0x0000000008000b58                _vsnprintf_r
                0x0000000008000b58                _vsniprintf_r
 *fill*         0x0000000008000bae        0x2 
 .text.vsnprintf
                0x0000000008000bb0       0x1c /Users/benpetroski/gcc/bin/../lib/gcc/arm-none-eabi/5.3.1/../../../../arm-none-eabi/lib/armv7e-m/libg_nano.a(lib_a-vsnprintf.o)
                0x0000000008000bb0                vsnprintf
                0x0000000008000bb0                vsniprintf
 .text.__ssputs_r
                0x0000000008000bcc       0xb2 /Users/benpetroski/gcc/bin/../lib/gcc/arm-none-eabi/5.3.1/../../../../arm-none-eabi/lib/armv7e-m/libg_nano.a(lib_a-nano-svfprintf.o)
                0x0000000008000bcc                __ssputs_r
 *fill*         0x0000000008000c7e        0x2 
 .text._svfprintf_r
                0x0000000008000c80      0x1e8 /Users/benpetroski/gcc/bin/../lib/gcc/arm-none-eabi/5.3.1/../../../../arm-none-eabi/lib/armv7e-m/libg_nano.a(lib_a-nano-svfprintf.o)
                0x0000000008000c80                _svfprintf_r
                0x0000000008000c80                _svfiprintf_r
 .text._printf_common
                0x0000000008000e68       0xec /Users/benpetroski/gcc/bin/../lib/gcc/arm-none-eabi/5.3.1/../../../../arm-none-eabi/lib/armv7e-m/libg_nano.a(lib_a-nano-vfprintf_i.o)
                0x0000000008000e68                _printf_common
 .text._printf_i
                0x0000000008000f54      0x24c /Users/benpetroski/gcc/bin/../lib/gcc/arm-none-eabi/5.3.1/../../../../arm-none-eabi/lib/armv7e-m/libg_nano.a(lib_a-nano-vfprintf_i.o)
                0x0000000008000f54                _printf_i
 .text          0x00000000080011a0       0xa0 /Users/benpetroski/gcc/bin/../lib/gcc/arm-none-eabi/5.3.1/../../../../arm-none-eabi/lib/armv7e-m/libg_nano.a(lib_a-memchr.o)
                0x00000000080011a0                memchr
 .text.memcpy   0x0000000008001240       0x16 /Users/benpetroski/gcc/bin/../lib/gcc/arm-none-eabi/5.3.1/../../../../arm-none-eabi/lib/armv7e-m/libg_nano.a(lib_a-memcpy-stub.o)
                0x0000000008001240                memcpy
 .text.memmove  0x0000000008001256       0x36 /Users/benpetroski/gcc/bin/../lib/gcc/arm-none-eabi/5.3.1/../../../../arm-none-eabi/lib/armv7e-m/libg_nano.a(lib_a-memmove.o)
                0x0000000008001256                memmove
 .text._free_r  0x000000000800128c       0x8c /Users/benpetroski/gcc/bin/../lib/gcc/arm-none-eabi/5.3.1/../../../../arm-none-eabi/lib/armv7e-m/libg_nano.a(lib_a-nano-freer.o)
                0x000000000800128c                _free_r
 .text._malloc_r
                0x0000000008001318       0xa8 /Users/benpetroski/gcc/bin/../lib/gcc/arm-none-eabi/5.3.1/../../../../arm-none-eabi/lib/armv7e-m/libg_nano.a(lib_a-nano-mallocr.o)
                0x0000000008001318                _malloc_r
 .text._realloc_r
                0x00000000080013c0       0x4c /Users/benpetroski/gcc/bin/../lib/gcc/arm-none-eabi/5.3.1/../../../../arm-none-eabi/lib/armv7e-m/libg_nano.a(lib_a-nano-reallocr.o)
                0x00000000080013c0                _realloc_r
 .text._sbrk_r  0x000000000800140c       0x20 /Users/benpetroski/gcc/bin/../lib/gcc/arm-none-eabi/5.3.1/../../../../arm-none-eabi/lib/armv7e-m/libg_nano.a(lib_a-sbrkr.o)
                0x000000000800140c                _sbrk_r
 .text._malloc_usable_size_r
                0x000000000800142c       0x14 /Users/benpetroski/gcc/bin/../lib/gcc/arm-none-eabi/5.3.1/../../../../arm-none-eabi/lib/armv7e-m/libg_nano.a(lib_a-nano-msizer.o)
                0x000000000800142c                _malloc_usable_size_r
 *(.rodata .rodata.* .constdata .constdata.*)
 .rodata.str1.4
                0x0000000008001440       0x31 ./system/src/stm32f3-stdperiph/stm32f37x_gpio.o
 *fill*         0x0000000008001471        0x3 
 .rodata.str1.4
                0x0000000008001474       0x30 ./system/src/stm32f3-stdperiph/stm32f37x_rcc.o
 .rodata.str1.4
                0x00000000080014a4       0x14 ./system/src/newlib/_exit.o
 .rodata.str1.4
                0x00000000080014b8       0x6b ./system/src/newlib/assert.o
                                         0x6f (size before relaxing)
 *fill*         0x0000000008001523        0x1 
 .rodata.str1.4
                0x0000000008001524       0x29 ./system/src/diag/Trace.o
                                         0x2d (size before relaxing)
 *fill*         0x000000000800154d        0x3 
 .rodata.str1.4
                0x0000000008001550      0x146 ./system/src/cortexm/exception_handlers.o
 *fill*         0x0000000008001696        0x2 
 .rodata.str1.4
                0x0000000008001698       0x38 ./src/main.o
                                         0x37 (size before relaxing)
 .rodata.str1.1
                0x00000000080016d0        0x2 /Users/benpetroski/gcc/bin/../lib/gcc/arm-none-eabi/5.3.1/../../../../arm-none-eabi/lib/armv7e-m/libg_nano.a(lib_a-impure.o)
 .rodata.str1.1
                0x00000000080016d2       0x11 /Users/benpetroski/gcc/bin/../lib/gcc/arm-none-eabi/5.3.1/../../../../arm-none-eabi/lib/armv7e-m/libg_nano.a(lib_a-nano-svfprintf.o)
 .rodata.str1.1
                0x00000000080016e3       0x22 /Users/benpetroski/gcc/bin/../lib/gcc/arm-none-eabi/5.3.1/../../../../arm-none-eabi/lib/armv7e-m/libg_nano.a(lib_a-nano-vfprintf_i.o)
 *(vtable)
 *(.eh_frame*)
 *(.glue_7)
 .glue_7        0x0000000008001705        0x0 linker stubs
 *(.glue_7t)
 .glue_7t       0x0000000008001705        0x0 linker stubs

.vfp11_veneer   0x0000000008001708        0x0
 .vfp11_veneer  0x0000000008001708        0x0 linker stubs

.v4_bx          0x0000000008001708        0x0
 .v4_bx         0x0000000008001708        0x0 linker stubs

.iplt           0x0000000008001708        0x0
 .iplt          0x0000000008001708        0x0 ./system/src/stm32f3-stdperiph/stm32f37x_gpio.o

.rel.dyn        0x0000000008001708        0x0
 .rel.iplt      0x0000000008001708        0x0 ./system/src/stm32f3-stdperiph/stm32f37x_gpio.o

.ARM.extab
 *(.ARM.extab* .gnu.linkonce.armextab.*)
                0x0000000008001708                . = ALIGN (0x4)
                0x0000000008001708                __exidx_start = .

.ARM.exidx
 *(.ARM.exidx* .gnu.linkonce.armexidx.*)
                0x0000000008001708                __exidx_end = .
                0x0000000008001708                . = ALIGN (0x4)
                0x0000000008001708                _etext = .
                0x0000000008001708                __etext = .

.data_CCMRAM    0x0000000010000000        0x0 load address 0x0000000008001708
 FILL mask 0xff
 *(.data.CCMRAM .data.CCMRAM.*)
                0x0000000010000000                . = ALIGN (0x4)
                0x0000000008001708                _sidata = LOADADDR (.data)

.data           0x0000000020000000       0x88 load address 0x0000000008001708
 FILL mask 0xff
                0x0000000020000000                _sdata = .
                0x0000000020000000                __data_start__ = .
 *(.data_begin .data_begin.*)
 .data_begin    0x0000000020000000        0x4 ./system/src/newlib/_startup.o
 *(.data .data.*)
 .data.argv.4255
                0x0000000020000004        0x8 ./system/src/newlib/_syscalls.o
 .data.AHBPrescTable
                0x000000002000000c       0x10 ./system/src/cmsis/system_stm32f37x.o
                0x000000002000000c                AHBPrescTable
 .data.SystemCoreClock
                0x000000002000001c        0x4 ./system/src/cmsis/system_stm32f37x.o
                0x000000002000001c                SystemCoreClock
 .data.impure_data
                0x0000000020000020       0x60 /Users/benpetroski/gcc/bin/../lib/gcc/arm-none-eabi/5.3.1/../../../../arm-none-eabi/lib/armv7e-m/libg_nano.a(lib_a-impure.o)
 .data._impure_ptr
                0x0000000020000080        0x4 /Users/benpetroski/gcc/bin/../lib/gcc/arm-none-eabi/5.3.1/../../../../arm-none-eabi/lib/armv7e-m/libg_nano.a(lib_a-impure.o)
                0x0000000020000080                _impure_ptr
 *(.data_end .data_end.*)
 .data_end      0x0000000020000084        0x4 ./system/src/newlib/_startup.o
                0x0000000020000088                . = ALIGN (0x4)
                0x0000000020000088                _edata = .
                0x0000000020000088                __data_end__ = .

.igot.plt       0x0000000020000088        0x0 load address 0x0000000008001790
 .igot.plt      0x0000000020000088        0x0 ./system/src/stm32f3-stdperiph/stm32f37x_gpio.o

.bss_CCMRAM     0x0000000010000000        0x0
 *(.bss.CCMRAM .bss.CCMRAM.*)

.bss            0x0000000020000088       0xa0
                0x0000000020000088                __bss_start__ = .
                0x0000000020000088                _sbss = .
 *(.bss_begin .bss_begin.*)
 .bss_begin     0x0000000020000088        0x4 ./system/src/newlib/_startup.o
 *(.bss .bss.*)
 .bss.current_heap_end.3946
                0x000000002000008c        0x4 ./system/src/newlib/_sbrk.o
 .bss.name.4254
                0x0000000020000090        0x1 ./system/src/newlib/_syscalls.o
 *fill*         0x0000000020000091        0x3 
 .bss.buf.5140  0x0000000020000094       0x80 ./system/src/diag/Trace.o
 .bss.__malloc_sbrk_start
                0x0000000020000114        0x4 /Users/benpetroski/gcc/bin/../lib/gcc/arm-none-eabi/5.3.1/../../../../arm-none-eabi/lib/armv7e-m/libg_nano.a(lib_a-nano-mallocr.o)
                0x0000000020000114                __malloc_sbrk_start
 .bss.__malloc_free_list
                0x0000000020000118        0x4 /Users/benpetroski/gcc/bin/../lib/gcc/arm-none-eabi/5.3.1/../../../../arm-none-eabi/lib/armv7e-m/libg_nano.a(lib_a-nano-mallocr.o)
                0x0000000020000118                __malloc_free_list
 *(COMMON)
 COMMON         0x000000002000011c        0x4 ./system/src/newlib/_syscalls.o
                0x000000002000011c                errno
 COMMON         0x0000000020000120        0x4 ./src/Timer.o
                0x0000000020000120                timer_delayCount
 *(.bss_end .bss_end.*)
 .bss_end       0x0000000020000124        0x4 ./system/src/newlib/_startup.o
                0x0000000020000128                . = ALIGN (0x4)
                0x0000000020000128                __bss_end__ = .
                0x0000000020000128                _ebss = .

.noinit_CCMRAM
 *(.noinit.CCMRAM .noinit.CCMRAM.*)

.noinit         0x0000000020000128        0x0
                0x0000000020000128                _noinit = .
 *(.noinit .noinit.*)
                0x0000000020000128                . = ALIGN (0x4)
                0x0000000020000128                _end_noinit = .
                [!provide]                        PROVIDE (end, _end_noinit)
                [!provide]                        PROVIDE (_end, _end_noinit)
                [!provide]                        PROVIDE (__end, _end_noinit)
                [!provide]                        PROVIDE (__end__, _end_noinit)

._check_stack   0x0000000020000128      0x100
                0x0000000020000228                . = (. + _Minimum_Stack_Size)
 *fill*         0x0000000020000128      0x100 

.b1text
 *(.b1text)
 *(.b1rodata)
 *(.b1rodata.*)

.eb0text
 *(.eb0text)
 *(.eb0rodata)
 *(.eb0rodata.*)

.eb1text
 *(.eb1text)
 *(.eb1rodata)
 *(.eb1rodata.*)

.eb2text
 *(.eb2text)
 *(.eb2rodata)
 *(.eb2rodata.*)

.eb3text
 *(.eb3text)
 *(.eb3rodata)
 *(.eb3rodata.*)

.stab
 *(.stab)

.stabstr
 *(.stabstr)

.stab.excl
 *(.stab.excl)

.stab.exclstr
 *(.stab.exclstr)

.stab.index
 *(.stab.index)

.stab.indexstr
 *(.stab.indexstr)

.comment        0x0000000000000000       0x6e
 *(.comment)
 .comment       0x0000000000000000       0x6e ./system/src/stm32f3-stdperiph/stm32f37x_gpio.o
                                         0x6f (size before relaxing)
 .comment       0x000000000000006e       0x6f ./system/src/stm32f3-stdperiph/stm32f37x_rcc.o
 .comment       0x000000000000006e       0x6f ./system/src/newlib/_exit.o
 .comment       0x000000000000006e       0x6f ./system/src/newlib/_sbrk.o
 .comment       0x000000000000006e       0x6f ./system/src/newlib/_startup.o
 .comment       0x000000000000006e       0x6f ./system/src/newlib/_syscalls.o
 .comment       0x000000000000006e       0x6f ./system/src/newlib/assert.o
 .comment       0x000000000000006e       0x6f ./system/src/diag/Trace.o
 .comment       0x000000000000006e       0x6f ./system/src/diag/trace_impl.o
 .comment       0x000000000000006e       0x6f ./system/src/cortexm/_initialize_hardware.o
 .comment       0x000000000000006e       0x6f ./system/src/cortexm/exception_handlers.o
 .comment       0x000000000000006e       0x6f ./system/src/cmsis/system_stm32f37x.o
 .comment       0x000000000000006e       0x6f ./system/src/cmsis/vectors_stm32f37x.o
 .comment       0x000000000000006e       0x6f ./src/BlinkLed.o
 .comment       0x000000000000006e       0x6f ./src/Timer.o
 .comment       0x000000000000006e       0x6f ./src/main.o

.ARM.attributes
                0x0000000000000000       0x31
 .ARM.attributes
                0x0000000000000000       0x33 ./system/src/stm32f3-stdperiph/stm32f37x_gpio.o
 .ARM.attributes
                0x0000000000000033       0x33 ./system/src/stm32f3-stdperiph/stm32f37x_rcc.o
 .ARM.attributes
                0x0000000000000066       0x33 ./system/src/newlib/_exit.o
 .ARM.attributes
                0x0000000000000099       0x33 ./system/src/newlib/_sbrk.o
 .ARM.attributes
                0x00000000000000cc       0x33 ./system/src/newlib/_startup.o
 .ARM.attributes
                0x00000000000000ff       0x33 ./system/src/newlib/_syscalls.o
 .ARM.attributes
                0x0000000000000132       0x33 ./system/src/newlib/assert.o
 .ARM.attributes
                0x0000000000000165       0x33 ./system/src/diag/Trace.o
 .ARM.attributes
                0x0000000000000198       0x33 ./system/src/diag/trace_impl.o
 .ARM.attributes
                0x00000000000001cb       0x33 ./system/src/cortexm/_initialize_hardware.o
 .ARM.attributes
                0x00000000000001fe       0x33 ./system/src/cortexm/exception_handlers.o
 .ARM.attributes
                0x0000000000000231       0x33 ./system/src/cmsis/system_stm32f37x.o
 .ARM.attributes
                0x0000000000000264       0x33 ./system/src/cmsis/vectors_stm32f37x.o
 .ARM.attributes
                0x0000000000000297       0x33 ./src/BlinkLed.o
 .ARM.attributes
                0x00000000000002ca       0x33 ./src/Timer.o
 .ARM.attributes
                0x00000000000002fd       0x33 ./src/main.o
 .ARM.attributes
                0x0000000000000330       0x2e /Users/benpetroski/gcc/bin/../lib/gcc/arm-none-eabi/5.3.1/../../../../arm-none-eabi/lib/armv7e-m/libg_nano.a(lib_a-errno.o)
 .ARM.attributes
                0x000000000000035e       0x2e /Users/benpetroski/gcc/bin/../lib/gcc/arm-none-eabi/5.3.1/../../../../arm-none-eabi/lib/armv7e-m/libg_nano.a(lib_a-impure.o)
 .ARM.attributes
                0x000000000000038c       0x17 /Users/benpetroski/gcc/bin/../lib/gcc/arm-none-eabi/5.3.1/../../../../arm-none-eabi/lib/armv7e-m/libg_nano.a(lib_a-strlen.o)
 .ARM.attributes
                0x00000000000003a3       0x2e /Users/benpetroski/gcc/bin/../lib/gcc/arm-none-eabi/5.3.1/../../../../arm-none-eabi/lib/armv7e-m/libg_nano.a(lib_a-vsnprintf.o)
 .ARM.attributes
                0x00000000000003d1       0x2e /Users/benpetroski/gcc/bin/../lib/gcc/arm-none-eabi/5.3.1/../../../../arm-none-eabi/lib/armv7e-m/libg_nano.a(lib_a-nano-svfprintf.o)
 .ARM.attributes
                0x00000000000003ff       0x2e /Users/benpetroski/gcc/bin/../lib/gcc/arm-none-eabi/5.3.1/../../../../arm-none-eabi/lib/armv7e-m/libg_nano.a(lib_a-nano-vfprintf_i.o)
 .ARM.attributes
                0x000000000000042d       0x1c /Users/benpetroski/gcc/bin/../lib/gcc/arm-none-eabi/5.3.1/../../../../arm-none-eabi/lib/armv7e-m/libg_nano.a(lib_a-memchr.o)
 .ARM.attributes
                0x0000000000000449       0x2e /Users/benpetroski/gcc/bin/../lib/gcc/arm-none-eabi/5.3.1/../../../../arm-none-eabi/lib/armv7e-m/libg_nano.a(lib_a-memcpy-stub.o)
 .ARM.attributes
                0x0000000000000477       0x2e /Users/benpetroski/gcc/bin/../lib/gcc/arm-none-eabi/5.3.1/../../../../arm-none-eabi/lib/armv7e-m/libg_nano.a(lib_a-memmove.o)
 .ARM.attributes
                0x00000000000004a5       0x2e /Users/benpetroski/gcc/bin/../lib/gcc/arm-none-eabi/5.3.1/../../../../arm-none-eabi/lib/armv7e-m/libg_nano.a(lib_a-nano-freer.o)
 .ARM.attributes
                0x00000000000004d3       0x2e /Users/benpetroski/gcc/bin/../lib/gcc/arm-none-eabi/5.3.1/../../../../arm-none-eabi/lib/armv7e-m/libg_nano.a(lib_a-nano-mallocr.o)
 .ARM.attributes
                0x0000000000000501       0x2e /Users/benpetroski/gcc/bin/../lib/gcc/arm-none-eabi/5.3.1/../../../../arm-none-eabi/lib/armv7e-m/libg_nano.a(lib_a-nano-reallocr.o)
 .ARM.attributes
                0x000000000000052f       0x2e /Users/benpetroski/gcc/bin/../lib/gcc/arm-none-eabi/5.3.1/../../../../arm-none-eabi/lib/armv7e-m/libg_nano.a(lib_a-sbrkr.o)
 .ARM.attributes
                0x000000000000055d       0x2e /Users/benpetroski/gcc/bin/../lib/gcc/arm-none-eabi/5.3.1/../../../../arm-none-eabi/lib/armv7e-m/libg_nano.a(lib_a-nano-msizer.o)

.debug
 *(.debug)

.line
 *(.line)

.debug_srcinfo
 *(.debug_srcinfo)

.debug_sfnames
 *(.debug_sfnames)

.debug_aranges  0x0000000000000000      0x498
 *(.debug_aranges)
 .debug_aranges
                0x0000000000000000       0x80 ./system/src/stm32f3-stdperiph/stm32f37x_gpio.o
 .debug_aranges
                0x0000000000000080      0x150 ./system/src/stm32f3-stdperiph/stm32f37x_rcc.o
 .debug_aranges
                0x00000000000001d0       0x28 ./system/src/newlib/_exit.o
 .debug_aranges
                0x00000000000001f8       0x20 ./system/src/newlib/_sbrk.o
 .debug_aranges
                0x0000000000000218       0x40 ./system/src/newlib/_startup.o
 .debug_aranges
                0x0000000000000258       0x30 ./system/src/newlib/_syscalls.o
 .debug_aranges
                0x0000000000000288       0x28 ./system/src/newlib/assert.o
 .debug_aranges
                0x00000000000002b0       0x38 ./system/src/diag/Trace.o
 .debug_aranges
                0x00000000000002e8       0x30 ./system/src/diag/trace_impl.o
 .debug_aranges
                0x0000000000000318       0x28 ./system/src/cortexm/_initialize_hardware.o
 .debug_aranges
                0x0000000000000340       0x90 ./system/src/cortexm/exception_handlers.o
 .debug_aranges
                0x00000000000003d0       0x30 ./system/src/cmsis/system_stm32f37x.o
 .debug_aranges
                0x0000000000000400       0x20 ./system/src/cmsis/vectors_stm32f37x.o
 .debug_aranges
                0x0000000000000420       0x20 ./src/BlinkLed.o
 .debug_aranges
                0x0000000000000440       0x38 ./src/Timer.o
 .debug_aranges
                0x0000000000000478       0x20 ./src/main.o

.debug_pubnames
 *(.debug_pubnames)

.debug_info     0x0000000000000000     0x47d1
 *(.debug_info .gnu.linkonce.wi.*)
 .debug_info    0x0000000000000000      0xa33 ./system/src/stm32f3-stdperiph/stm32f37x_gpio.o
 .debug_info    0x0000000000000a33      0xf16 ./system/src/stm32f3-stdperiph/stm32f37x_rcc.o
 .debug_info    0x0000000000001949       0xef ./system/src/newlib/_exit.o
 .debug_info    0x0000000000001a38      0x11f ./system/src/newlib/_sbrk.o
 .debug_info    0x0000000000001b57      0x4ef ./system/src/newlib/_startup.o
 .debug_info    0x0000000000002046      0x1bc ./system/src/newlib/_syscalls.o
 .debug_info    0x0000000000002202      0x1a3 ./system/src/newlib/assert.o
 .debug_info    0x00000000000023a5      0x2e6 ./system/src/diag/Trace.o
 .debug_info    0x000000000000268b      0x30a ./system/src/diag/trace_impl.o
 .debug_info    0x0000000000002995      0x2b1 ./system/src/cortexm/_initialize_hardware.o
 .debug_info    0x0000000000002c46      0x8ff ./system/src/cortexm/exception_handlers.o
 .debug_info    0x0000000000003545      0x4a9 ./system/src/cmsis/system_stm32f37x.o
 .debug_info    0x00000000000039ee       0xd1 ./system/src/cmsis/vectors_stm32f37x.o
 .debug_info    0x0000000000003abf      0x352 ./src/BlinkLed.o
 .debug_info    0x0000000000003e11      0x6b4 ./src/Timer.o
 .debug_info    0x00000000000044c5      0x30c ./src/main.o

.debug_abbrev   0x0000000000000000     0x154c
 *(.debug_abbrev)
 .debug_abbrev  0x0000000000000000      0x1e7 ./system/src/stm32f3-stdperiph/stm32f37x_gpio.o
 .debug_abbrev  0x00000000000001e7      0x221 ./system/src/stm32f3-stdperiph/stm32f37x_rcc.o
 .debug_abbrev  0x0000000000000408       0x8e ./system/src/newlib/_exit.o
 .debug_abbrev  0x0000000000000496       0xb9 ./system/src/newlib/_sbrk.o
 .debug_abbrev  0x000000000000054f      0x1d4 ./system/src/newlib/_startup.o
 .debug_abbrev  0x0000000000000723       0xec ./system/src/newlib/_syscalls.o
 .debug_abbrev  0x000000000000080f       0xab ./system/src/newlib/assert.o
 .debug_abbrev  0x00000000000008ba      0x145 ./system/src/diag/Trace.o
 .debug_abbrev  0x00000000000009ff      0x1c8 ./system/src/diag/trace_impl.o
 .debug_abbrev  0x0000000000000bc7       0xea ./system/src/cortexm/_initialize_hardware.o
 .debug_abbrev  0x0000000000000cb1      0x247 ./system/src/cortexm/exception_handlers.o
 .debug_abbrev  0x0000000000000ef8      0x13f ./system/src/cmsis/system_stm32f37x.o
 .debug_abbrev  0x0000000000001037       0x9d ./system/src/cmsis/vectors_stm32f37x.o
 .debug_abbrev  0x00000000000010d4      0x15f ./src/BlinkLed.o
 .debug_abbrev  0x0000000000001233      0x1c0 ./src/Timer.o
 .debug_abbrev  0x00000000000013f3      0x159 ./src/main.o

.debug_line     0x0000000000000000     0x4284
 *(.debug_line)
 .debug_line    0x0000000000000000      0x734 ./system/src/stm32f3-stdperiph/stm32f37x_gpio.o
 .debug_line    0x0000000000000734      0x9b3 ./system/src/stm32f3-stdperiph/stm32f37x_rcc.o
 .debug_line    0x00000000000010e7      0x29b ./system/src/newlib/_exit.o
 .debug_line    0x0000000000001382      0x24d ./system/src/newlib/_sbrk.o
 .debug_line    0x00000000000015cf      0x315 ./system/src/newlib/_startup.o
 .debug_line    0x00000000000018e4      0x32e ./system/src/newlib/_syscalls.o
 .debug_line    0x0000000000001c12      0x2d6 ./system/src/newlib/assert.o
 .debug_line    0x0000000000001ee8      0x2fa ./system/src/diag/Trace.o
 .debug_line    0x00000000000021e2      0x5a0 ./system/src/diag/trace_impl.o
 .debug_line    0x0000000000002782      0x370 ./system/src/cortexm/_initialize_hardware.o
 .debug_line    0x0000000000002af2      0x63d ./system/src/cortexm/exception_handlers.o
 .debug_line    0x000000000000312f      0x3b0 ./system/src/cmsis/system_stm32f37x.o
 .debug_line    0x00000000000034df       0xe1 ./system/src/cmsis/vectors_stm32f37x.o
 .debug_line    0x00000000000035c0      0x34f ./src/BlinkLed.o
 .debug_line    0x000000000000390f      0x3c3 ./src/Timer.o
 .debug_line    0x0000000000003cd2      0x5b2 ./src/main.o

.debug_frame    0x0000000000000000      0xcd4
 *(.debug_frame)
 .debug_frame   0x0000000000000000      0x168 ./system/src/stm32f3-stdperiph/stm32f37x_gpio.o
 .debug_frame   0x0000000000000168      0x3cc ./system/src/stm32f3-stdperiph/stm32f37x_rcc.o
 .debug_frame   0x0000000000000534       0x38 ./system/src/newlib/_exit.o
 .debug_frame   0x000000000000056c       0x28 ./system/src/newlib/_sbrk.o
 .debug_frame   0x0000000000000594       0x7c ./system/src/newlib/_startup.o
 .debug_frame   0x0000000000000610       0x50 ./system/src/newlib/_syscalls.o
 .debug_frame   0x0000000000000660       0x40 ./system/src/newlib/assert.o
 .debug_frame   0x00000000000006a0       0x94 ./system/src/diag/Trace.o
 .debug_frame   0x0000000000000734       0x60 ./system/src/diag/trace_impl.o
 .debug_frame   0x0000000000000794       0x40 ./system/src/cortexm/_initialize_hardware.o
 .debug_frame   0x00000000000007d4      0x158 ./system/src/cortexm/exception_handlers.o
 .debug_frame   0x000000000000092c       0x50 ./system/src/cmsis/system_stm32f37x.o
 .debug_frame   0x000000000000097c       0x20 ./system/src/cmsis/vectors_stm32f37x.o
 .debug_frame   0x000000000000099c       0x30 ./src/BlinkLed.o
 .debug_frame   0x00000000000009cc       0x58 ./src/Timer.o
 .debug_frame   0x0000000000000a24       0x28 ./src/main.o
 .debug_frame   0x0000000000000a4c       0x20 /Users/benpetroski/gcc/bin/../lib/gcc/arm-none-eabi/5.3.1/../../../../arm-none-eabi/lib/armv7e-m/libg_nano.a(lib_a-errno.o)
 .debug_frame   0x0000000000000a6c       0x48 /Users/benpetroski/gcc/bin/../lib/gcc/arm-none-eabi/5.3.1/../../../../arm-none-eabi/lib/armv7e-m/libg_nano.a(lib_a-vsnprintf.o)
 .debug_frame   0x0000000000000ab4       0x90 /Users/benpetroski/gcc/bin/../lib/gcc/arm-none-eabi/5.3.1/../../../../arm-none-eabi/lib/armv7e-m/libg_nano.a(lib_a-nano-svfprintf.o)
 .debug_frame   0x0000000000000b44       0x60 /Users/benpetroski/gcc/bin/../lib/gcc/arm-none-eabi/5.3.1/../../../../arm-none-eabi/lib/armv7e-m/libg_nano.a(lib_a-nano-vfprintf_i.o)
 .debug_frame   0x0000000000000ba4       0x28 /Users/benpetroski/gcc/bin/../lib/gcc/arm-none-eabi/5.3.1/../../../../arm-none-eabi/lib/armv7e-m/libg_nano.a(lib_a-memcpy-stub.o)
 .debug_frame   0x0000000000000bcc       0x28 /Users/benpetroski/gcc/bin/../lib/gcc/arm-none-eabi/5.3.1/../../../../arm-none-eabi/lib/armv7e-m/libg_nano.a(lib_a-memmove.o)
 .debug_frame   0x0000000000000bf4       0x2c /Users/benpetroski/gcc/bin/../lib/gcc/arm-none-eabi/5.3.1/../../../../arm-none-eabi/lib/armv7e-m/libg_nano.a(lib_a-nano-freer.o)
 .debug_frame   0x0000000000000c20       0x2c /Users/benpetroski/gcc/bin/../lib/gcc/arm-none-eabi/5.3.1/../../../../arm-none-eabi/lib/armv7e-m/libg_nano.a(lib_a-nano-mallocr.o)
 .debug_frame   0x0000000000000c4c       0x3c /Users/benpetroski/gcc/bin/../lib/gcc/arm-none-eabi/5.3.1/../../../../arm-none-eabi/lib/armv7e-m/libg_nano.a(lib_a-nano-reallocr.o)
 .debug_frame   0x0000000000000c88       0x2c /Users/benpetroski/gcc/bin/../lib/gcc/arm-none-eabi/5.3.1/../../../../arm-none-eabi/lib/armv7e-m/libg_nano.a(lib_a-sbrkr.o)
 .debug_frame   0x0000000000000cb4       0x20 /Users/benpetroski/gcc/bin/../lib/gcc/arm-none-eabi/5.3.1/../../../../arm-none-eabi/lib/armv7e-m/libg_nano.a(lib_a-nano-msizer.o)

.debug_str      0x0000000000000000    0x512c1
 *(.debug_str)
 .debug_str     0x0000000000000000    0x49851 ./system/src/stm32f3-stdperiph/stm32f37x_gpio.o
                                      0x49a3b (size before relaxing)
 .debug_str     0x0000000000049851      0x9ad ./system/src/stm32f3-stdperiph/stm32f37x_rcc.o
                                      0x4a12d (size before relaxing)
 .debug_str     0x000000000004a1fe     0x4485 ./system/src/newlib/_exit.o
                                       0x6b20 (size before relaxing)
 .debug_str     0x000000000004e683      0x4de ./system/src/newlib/_sbrk.o
                                       0x5f0b (size before relaxing)
 .debug_str     0x000000000004eb61      0x2d7 ./system/src/newlib/_startup.o
                                       0x5b0c (size before relaxing)
 .debug_str     0x000000000004ee38      0xe06 ./system/src/newlib/_syscalls.o
                                       0x6d53 (size before relaxing)
 .debug_str     0x000000000004fc3e       0xdf ./system/src/newlib/assert.o
                                       0x7629 (size before relaxing)
 .debug_str     0x000000000004fd1d      0x876 ./system/src/diag/Trace.o
                                       0x72f3 (size before relaxing)
 .debug_str     0x0000000000050593      0x381 ./system/src/diag/trace_impl.o
                                      0x4d267 (size before relaxing)
 .debug_str     0x0000000000050914       0xb2 ./system/src/cortexm/_initialize_hardware.o
                                      0x497e7 (size before relaxing)
 .debug_str     0x00000000000509c6      0x1a8 ./system/src/cortexm/exception_handlers.o
                                      0x4e042 (size before relaxing)
 .debug_str     0x0000000000050b6e       0x7b ./system/src/cmsis/system_stm32f37x.o
                                      0x49888 (size before relaxing)
 .debug_str     0x0000000000050be9       0x57 ./system/src/cmsis/vectors_stm32f37x.o
                                       0x3085 (size before relaxing)
 .debug_str     0x0000000000050c40      0x12f ./src/BlinkLed.o
                                      0x499e9 (size before relaxing)
 .debug_str     0x0000000000050d6f      0x4cd ./src/Timer.o
                                      0x49cb2 (size before relaxing)
 .debug_str     0x000000000005123c       0x85 ./src/main.o
                                      0x4e586 (size before relaxing)

.debug_loc      0x0000000000000000     0x1c4b
 *(.debug_loc)
 .debug_loc     0x0000000000000000      0x4b6 ./system/src/stm32f3-stdperiph/stm32f37x_gpio.o
 .debug_loc     0x00000000000004b6      0xb53 ./system/src/stm32f3-stdperiph/stm32f37x_rcc.o
 .debug_loc     0x0000000000001009       0x82 ./system/src/newlib/_sbrk.o
 .debug_loc     0x000000000000108b      0x36e ./system/src/newlib/_startup.o
 .debug_loc     0x00000000000013f9       0x63 ./system/src/newlib/_syscalls.o
 .debug_loc     0x000000000000145c      0x110 ./system/src/newlib/assert.o
 .debug_loc     0x000000000000156c      0x102 ./system/src/diag/Trace.o
 .debug_loc     0x000000000000166e      0x17c ./system/src/diag/trace_impl.o
 .debug_loc     0x00000000000017ea      0x2a8 ./system/src/cortexm/exception_handlers.o
 .debug_loc     0x0000000000001a92       0xff ./system/src/cmsis/system_stm32f37x.o
 .debug_loc     0x0000000000001b91       0x59 ./src/Timer.o
 .debug_loc     0x0000000000001bea       0x61 ./src/main.o

.debug_macinfo
 *(.debug_macinfo)

.debug_weaknames
 *(.debug_weaknames)

.debug_funcnames
 *(.debug_funcnames)

.debug_typenames
 *(.debug_typenames)

.debug_varnames
 *(.debug_varnames)
OUTPUT(blinkTest.elf elf32-littlearm)

.debug_ranges   0x0000000000000000      0x3c8
 .debug_ranges  0x0000000000000000       0x70 ./system/src/stm32f3-stdperiph/stm32f37x_gpio.o
 .debug_ranges  0x0000000000000070      0x140 ./system/src/stm32f3-stdperiph/stm32f37x_rcc.o
 .debug_ranges  0x00000000000001b0       0x18 ./system/src/newlib/_exit.o
 .debug_ranges  0x00000000000001c8       0x10 ./system/src/newlib/_sbrk.o
 .debug_ranges  0x00000000000001d8       0x30 ./system/src/newlib/_startup.o
 .debug_ranges  0x0000000000000208       0x20 ./system/src/newlib/_syscalls.o
 .debug_ranges  0x0000000000000228       0x18 ./system/src/newlib/assert.o
 .debug_ranges  0x0000000000000240       0x28 ./system/src/diag/Trace.o
 .debug_ranges  0x0000000000000268       0x38 ./system/src/diag/trace_impl.o
 .debug_ranges  0x00000000000002a0       0x18 ./system/src/cortexm/_initialize_hardware.o
 .debug_ranges  0x00000000000002b8       0x98 ./system/src/cortexm/exception_handlers.o
 .debug_ranges  0x0000000000000350       0x20 ./system/src/cmsis/system_stm32f37x.o
 .debug_ranges  0x0000000000000370       0x10 ./system/src/cmsis/vectors_stm32f37x.o
 .debug_ranges  0x0000000000000380       0x10 ./src/BlinkLed.o
 .debug_ranges  0x0000000000000390       0x28 ./src/Timer.o
 .debug_ranges  0x00000000000003b8       0x10 ./src/main.o

.debug_macro    0x0000000000000000     0xf527
 .debug_macro   0x0000000000000000      0x175 ./system/src/stm32f3-stdperiph/stm32f37x_gpio.o
 .debug_macro   0x0000000000000175      0x898 ./system/src/stm32f3-stdperiph/stm32f37x_gpio.o
 .debug_macro   0x0000000000000a0d       0x6c ./system/src/stm32f3-stdperiph/stm32f37x_gpio.o
 .debug_macro   0x0000000000000a79      0x34e ./system/src/stm32f3-stdperiph/stm32f37x_gpio.o
 .debug_macro   0x0000000000000dc7       0x35 ./system/src/stm32f3-stdperiph/stm32f37x_gpio.o
 .debug_macro   0x0000000000000dfc       0x50 ./system/src/stm32f3-stdperiph/stm32f37x_gpio.o
 .debug_macro   0x0000000000000e4c      0xe66 ./system/src/stm32f3-stdperiph/stm32f37x_gpio.o
 .debug_macro   0x0000000000001cb2     0x633f ./system/src/stm32f3-stdperiph/stm32f37x_gpio.o
 .debug_macro   0x0000000000007ff1      0x259 ./system/src/stm32f3-stdperiph/stm32f37x_gpio.o
 .debug_macro   0x000000000000824a      0x3cf ./system/src/stm32f3-stdperiph/stm32f37x_gpio.o
 .debug_macro   0x0000000000008619      0x191 ./system/src/stm32f3-stdperiph/stm32f37x_gpio.o
 .debug_macro   0x00000000000087aa       0x46 ./system/src/stm32f3-stdperiph/stm32f37x_gpio.o
 .debug_macro   0x00000000000087f0      0x10b ./system/src/stm32f3-stdperiph/stm32f37x_gpio.o
 .debug_macro   0x00000000000088fb      0x19d ./system/src/stm32f3-stdperiph/stm32f37x_gpio.o
 .debug_macro   0x0000000000008a98       0xa6 ./system/src/stm32f3-stdperiph/stm32f37x_gpio.o
 .debug_macro   0x0000000000008b3e      0x3a9 ./system/src/stm32f3-stdperiph/stm32f37x_gpio.o
 .debug_macro   0x0000000000008ee7       0xde ./system/src/stm32f3-stdperiph/stm32f37x_gpio.o
 .debug_macro   0x0000000000008fc5      0x32e ./system/src/stm32f3-stdperiph/stm32f37x_gpio.o
 .debug_macro   0x00000000000092f3      0x168 ./system/src/stm32f3-stdperiph/stm32f37x_gpio.o
 .debug_macro   0x000000000000945b      0x29a ./system/src/stm32f3-stdperiph/stm32f37x_gpio.o
 .debug_macro   0x00000000000096f5       0x70 ./system/src/stm32f3-stdperiph/stm32f37x_gpio.o
 .debug_macro   0x0000000000009765       0xd3 ./system/src/stm32f3-stdperiph/stm32f37x_gpio.o
 .debug_macro   0x0000000000009838      0x572 ./system/src/stm32f3-stdperiph/stm32f37x_gpio.o
 .debug_macro   0x0000000000009daa      0x5a5 ./system/src/stm32f3-stdperiph/stm32f37x_gpio.o
 .debug_macro   0x000000000000a34f      0x283 ./system/src/stm32f3-stdperiph/stm32f37x_gpio.o
 .debug_macro   0x000000000000a5d2      0x390 ./system/src/stm32f3-stdperiph/stm32f37x_gpio.o
 .debug_macro   0x000000000000a962      0x750 ./system/src/stm32f3-stdperiph/stm32f37x_gpio.o
 .debug_macro   0x000000000000b0b2      0x347 ./system/src/stm32f3-stdperiph/stm32f37x_gpio.o
 .debug_macro   0x000000000000b3f9       0x34 ./system/src/stm32f3-stdperiph/stm32f37x_gpio.o
 .debug_macro   0x000000000000b42d       0x88 ./system/src/stm32f3-stdperiph/stm32f37x_gpio.o
 .debug_macro   0x000000000000b4b5       0x35 ./system/src/stm32f3-stdperiph/stm32f37x_gpio.o
 .debug_macro   0x000000000000b4ea      0x1a9 ./system/src/stm32f3-stdperiph/stm32f37x_gpio.o
 .debug_macro   0x000000000000b693      0x205 ./system/src/stm32f3-stdperiph/stm32f37x_rcc.o
 .debug_macro   0x000000000000b898      0x1af ./system/src/stm32f3-stdperiph/stm32f37x_rcc.o
 .debug_macro   0x000000000000ba47      0x56c ./system/src/stm32f3-stdperiph/stm32f37x_rcc.o
 .debug_macro   0x000000000000bfb3      0x182 ./system/src/newlib/_exit.o
 .debug_macro   0x000000000000c135       0x9c ./system/src/newlib/_exit.o
 .debug_macro   0x000000000000c1d1      0x10e ./system/src/newlib/_exit.o
 .debug_macro   0x000000000000c2df       0x8d ./system/src/newlib/_exit.o
 .debug_macro   0x000000000000c36c       0x43 ./system/src/newlib/_exit.o
 .debug_macro   0x000000000000c3af      0x30d ./system/src/newlib/_exit.o
 .debug_macro   0x000000000000c6bc       0x35 ./system/src/newlib/_exit.o
 .debug_macro   0x000000000000c6f1      0x137 ./system/src/newlib/_sbrk.o
 .debug_macro   0x000000000000c828      0x174 ./system/src/newlib/_sbrk.o
 .debug_macro   0x000000000000c99c       0x10 ./system/src/newlib/_sbrk.o
 .debug_macro   0x000000000000c9ac      0x23b ./system/src/newlib/_sbrk.o
 .debug_macro   0x000000000000cbe7      0x141 ./system/src/newlib/_startup.o
 .debug_macro   0x000000000000cd28      0x89e ./system/src/newlib/_startup.o
 .debug_macro   0x000000000000d5c6      0x1d6 ./system/src/newlib/_syscalls.o
 .debug_macro   0x000000000000d79c       0x1c ./system/src/newlib/_syscalls.o
 .debug_macro   0x000000000000d7b8       0x10 ./system/src/newlib/_syscalls.o
 .debug_macro   0x000000000000d7c8       0x10 ./system/src/newlib/_syscalls.o
 .debug_macro   0x000000000000d7d8       0x10 ./system/src/newlib/_syscalls.o
 .debug_macro   0x000000000000d7e8       0x35 ./system/src/newlib/_syscalls.o
 .debug_macro   0x000000000000d81d      0x122 ./system/src/newlib/_syscalls.o
 .debug_macro   0x000000000000d93f       0x88 ./system/src/newlib/_syscalls.o
 .debug_macro   0x000000000000d9c7       0x2b ./system/src/newlib/_syscalls.o
 .debug_macro   0x000000000000d9f2      0x118 ./system/src/newlib/_syscalls.o
 .debug_macro   0x000000000000db0a      0x159 ./system/src/newlib/_syscalls.o
 .debug_macro   0x000000000000dc63       0x16 ./system/src/newlib/_syscalls.o
 .debug_macro   0x000000000000dc79      0x19e ./system/src/newlib/assert.o
 .debug_macro   0x000000000000de17       0x1c ./system/src/newlib/assert.o
 .debug_macro   0x000000000000de33      0x1af ./system/src/diag/Trace.o
 .debug_macro   0x000000000000dfe2       0x16 ./system/src/diag/Trace.o
 .debug_macro   0x000000000000dff8       0x97 ./system/src/diag/Trace.o
 .debug_macro   0x000000000000e08f       0xfd ./system/src/diag/Trace.o
 .debug_macro   0x000000000000e18c       0x10 ./system/src/diag/Trace.o
 .debug_macro   0x000000000000e19c       0x16 ./system/src/diag/Trace.o
 .debug_macro   0x000000000000e1b2      0x182 ./system/src/diag/Trace.o
 .debug_macro   0x000000000000e334       0x52 ./system/src/diag/Trace.o
 .debug_macro   0x000000000000e386       0x16 ./system/src/diag/Trace.o
 .debug_macro   0x000000000000e39c      0x2b2 ./system/src/diag/trace_impl.o
 .debug_macro   0x000000000000e64e       0x10 ./system/src/diag/trace_impl.o
 .debug_macro   0x000000000000e65e       0xcf ./system/src/diag/trace_impl.o
 .debug_macro   0x000000000000e72d       0x19 ./system/src/diag/trace_impl.o
 .debug_macro   0x000000000000e746       0xbe ./system/src/diag/trace_impl.o
 .debug_macro   0x000000000000e804       0x22 ./system/src/diag/trace_impl.o
 .debug_macro   0x000000000000e826      0x175 ./system/src/cortexm/_initialize_hardware.o
 .debug_macro   0x000000000000e99b      0x2e8 ./system/src/cortexm/exception_handlers.o
 .debug_macro   0x000000000000ec83       0x3b ./system/src/cortexm/exception_handlers.o
 .debug_macro   0x000000000000ecbe       0x10 ./system/src/cortexm/exception_handlers.o
 .debug_macro   0x000000000000ecce      0x171 ./system/src/cmsis/system_stm32f37x.o
 .debug_macro   0x000000000000ee3f       0x34 ./system/src/cmsis/vectors_stm32f37x.o
 .debug_macro   0x000000000000ee73      0x17a ./src/BlinkLed.o
 .debug_macro   0x000000000000efed       0x28 ./src/BlinkLed.o
 .debug_macro   0x000000000000f015      0x18e ./src/Timer.o
 .debug_macro   0x000000000000f1a3       0x10 ./src/Timer.o
 .debug_macro   0x000000000000f1b3      0x346 ./src/main.o
 .debug_macro   0x000000000000f4f9       0x2e ./src/main.o
